[NbConvertApp] Converting notebook CH4_VQE_kupccsd.ipynb to notebook
/mgpfs/home/mkhairiansyah/.conda/envs/env-ml/lib/python3.10/site-packages/nbformat/__init__.py:96: MissingIDFieldWarning: Cell is missing an id field, this will become a hard error in future nbformat versions. You may want to use `normalize()` on your notebooks before validations (available since nbformat 5.1.4). Previous versions of nbformat are fixing this issue transparently, and will stop doing so in the future.
  validate(nb)
[NbConvertApp] ERROR | Kernel died while waiting for execute reply.
Traceback (most recent call last):
  File "/mgpfs/home/mkhairiansyah/.conda/envs/env-ml/bin/jupyter-nbconvert", line 6, in <module>
    sys.exit(main())
  File "/mgpfs/home/mkhairiansyah/.conda/envs/env-ml/lib/python3.10/site-packages/jupyter_core/application.py", line 284, in launch_instance
    super().launch_instance(argv=argv, **kwargs)
  File "/mgpfs/home/mkhairiansyah/.conda/envs/env-ml/lib/python3.10/site-packages/traitlets/config/application.py", line 1075, in launch_instance
    app.start()
  File "/mgpfs/home/mkhairiansyah/.conda/envs/env-ml/lib/python3.10/site-packages/nbconvert/nbconvertapp.py", line 420, in start
    self.convert_notebooks()
  File "/mgpfs/home/mkhairiansyah/.conda/envs/env-ml/lib/python3.10/site-packages/nbconvert/nbconvertapp.py", line 597, in convert_notebooks
    self.convert_single_notebook(notebook_filename)
  File "/mgpfs/home/mkhairiansyah/.conda/envs/env-ml/lib/python3.10/site-packages/nbconvert/nbconvertapp.py", line 563, in convert_single_notebook
    output, resources = self.export_single_notebook(
  File "/mgpfs/home/mkhairiansyah/.conda/envs/env-ml/lib/python3.10/site-packages/nbconvert/nbconvertapp.py", line 487, in export_single_notebook
    output, resources = self.exporter.from_filename(
  File "/mgpfs/home/mkhairiansyah/.conda/envs/env-ml/lib/python3.10/site-packages/nbconvert/exporters/exporter.py", line 201, in from_filename
    return self.from_file(f, resources=resources, **kw)
  File "/mgpfs/home/mkhairiansyah/.conda/envs/env-ml/lib/python3.10/site-packages/nbconvert/exporters/exporter.py", line 220, in from_file
    return self.from_notebook_node(
  File "/mgpfs/home/mkhairiansyah/.conda/envs/env-ml/lib/python3.10/site-packages/nbconvert/exporters/notebook.py", line 36, in from_notebook_node
    nb_copy, resources = super().from_notebook_node(nb, resources, **kw)
  File "/mgpfs/home/mkhairiansyah/.conda/envs/env-ml/lib/python3.10/site-packages/nbconvert/exporters/exporter.py", line 154, in from_notebook_node
    nb_copy, resources = self._preprocess(nb_copy, resources)
  File "/mgpfs/home/mkhairiansyah/.conda/envs/env-ml/lib/python3.10/site-packages/nbconvert/exporters/exporter.py", line 353, in _preprocess
    nbc, resc = preprocessor(nbc, resc)
  File "/mgpfs/home/mkhairiansyah/.conda/envs/env-ml/lib/python3.10/site-packages/nbconvert/preprocessors/base.py", line 48, in __call__
    return self.preprocess(nb, resources)
  File "/mgpfs/home/mkhairiansyah/.conda/envs/env-ml/lib/python3.10/site-packages/nbconvert/preprocessors/execute.py", line 103, in preprocess
    self.preprocess_cell(cell, resources, index)
  File "/mgpfs/home/mkhairiansyah/.conda/envs/env-ml/lib/python3.10/site-packages/nbconvert/preprocessors/execute.py", line 124, in preprocess_cell
    cell = self.execute_cell(cell, index, store_history=True)
  File "/mgpfs/home/mkhairiansyah/.conda/envs/env-ml/lib/python3.10/site-packages/jupyter_core/utils/__init__.py", line 165, in wrapped
    return loop.run_until_complete(inner)
  File "/mgpfs/home/mkhairiansyah/.conda/envs/env-ml/lib/python3.10/asyncio/base_events.py", line 649, in run_until_complete
    return future.result()
  File "/mgpfs/home/mkhairiansyah/.conda/envs/env-ml/lib/python3.10/site-packages/nbclient/client.py", line 1009, in async_execute_cell
    raise DeadKernelError("Kernel died") from None
nbclient.exceptions.DeadKernelError: Kernel died
